抓取线报 30 条
  [1/30] 转链：?
    ✓ 到手 ¥55.9 | https://u.jd.com/xadhAKv
  [2/30] 转链：?
    ✓ 到手 ¥10.9 | https://u.jd.com/x1dZcU6
  [4/30] 转链：?
    ✓ 到手 ¥66.43 | https://u.jd.com/xgdZ5yh
  [6/30] 转链：?
    ✓ 到手 ¥29.0 | https://u.jd.com/xGdZQCU
  [7/30] 转链：?
    ✓ 到手 ¥39.0 | https://u.jd.com/x6djhfu
  [12/30] 转链：?
    ✓ 到手 ¥39.9 | https://u.jd.com/x1d3PuZ
  [13/30] 转链：?
    ✓ 到手 ¥? | https://u.jd.com/xrdhxSn
  [14/30] 转链：?
    ✓ 到手 ¥69.0 | https://u.jd.com/xrdZ4Sw
  [15/30] 转链：?
    ✓ 到手 ¥37.9 | https://u.jd.com/xgdhU16
  [16/30] 转链：?
    ✓ 到手 ¥? | https://u.jd.com/xGdWkHx
  [18/30] 转链：?
    ✓ 到手 ¥29.9 | https://u.jd.com/xadmd48
  [19/30] 转链：?
    ✓ 到手 ¥21.9 | https://u.jd.com/x1d2wnj
  [20/30] 转链：?
    ✓ 到手 ¥449.0 | https://u.jd.com/xDdh7X9
  [21/30] 转链：?
    ✓ 到手 ¥? | https://u.jd.com/xGdhRZ9
  [23/30] 转链：?
    ✓ 到手 ¥20.9 | https://u.jd.com/xrdW4L9
  [25/30] 转链：?
    ✓ 到手 ¥13.9 | https://u.jd.com/x1dmzdu
  [26/30] 转链：?
    ✓ 到手 ¥? | https://u.jd.com/xGdPxTT
  [27/30] 转链：?
    ✓ 到手 ¥? | https://u.jd.com/xadPmLr
  [28/30] 转链：?
    ✓ 到手 ¥17.9 | https://u.jd.com/xGdfCCI
  [29/30] 转链：?
    ✓ 到手 ¥69.9 | https://u.jd.com/xrdheIL
  [30/30] 转链：?
    ✗ NO_TEXTAREA
转链结果: {'ok': 20, 'fail': 1, 'skipped': 10}
已生成 E:\Jingdong\rebate-site\site\index.html
